172.68.144.205 - - [02/May/2017:09:17:10 +0000] "POST /calculate.php HTTP/1.1" 200 1848 "http://ahp.keltech.co.id/" "Mozilla/5.0 (Windows NT 10.0; WOW64) AppleWebKit/537.36 (KHTML, like Gecko) Chrome/57.0.2987.133 Safari/537.36"
192.0.102.40 - - [02/May/2017:09:19:06 +0000] "HEAD / HTTP/1.1" 200 147 "-" "jetmon/1.0 (Jetpack Site Uptime Monitor by WordPress.com)"
192.0.102.40 - - [02/May/2017:09:24:07 +0000] "HEAD / HTTP/1.1" 200 147 "-" "jetmon/1.0 (Jetpack Site Uptime Monitor by WordPress.com)"
192.0.102.40 - - [02/May/2017:09:29:07 +0000] "HEAD / HTTP/1.1" 200 147 "-" "jetmon/1.0 (Jetpack Site Uptime Monitor by WordPress.com)"
192.0.102.40 - - [02/May/2017:09:34:09 +0000] "HEAD / HTTP/1.1" 200 147 "-" "jetmon/1.0 (Jetpack Site Uptime Monitor by WordPress.com)"
192.0.102.40 - - [02/May/2017:09:39:03 +0000] "HEAD / HTTP/1.1" 200 147 "-" "jetmon/1.0 (Jetpack Site Uptime Monitor by WordPress.com)"
192.0.102.40 - - [02/May/2017:09:44:16 +0000] "HEAD / HTTP/1.1" 200 147 "-" "jetmon/1.0 (Jetpack Site Uptime Monitor by WordPress.com)"
192.0.102.40 - - [02/May/2017:09:49:11 +0000] "HEAD / HTTP/1.1" 200 147 "-" "jetmon/1.0 (Jetpack Site Uptime Monitor by WordPress.com)"
139.162.119.197 - - [02/May/2017:09:53:18 +0000] "GET / HTTP/1.1" 200 4884 "-" "Mozilla/5.0 (Windows NT 10.0; WOW64) AppleWebKit/537.36 (KHTML, like Gecko) Chrome/50.0.2661.102 Safari/537.36"
192.0.102.40 - - [02/May/2017:09:54:07 +0000] "HEAD / HTTP/1.1" 200 147 "-" "jetmon/1.0 (Jetpack Site Uptime Monitor by WordPress.com)"
192.0.102.40 - - [02/May/2017:09:58:59 +0000] "HEAD / HTTP/1.1" 200 147 "-" "jetmon/1.0 (Jetpack Site Uptime Monitor by WordPress.com)"
192.0.102.40 - - [02/May/2017:10:04:04 +0000] "HEAD / HTTP/1.1" 200 147 "-" "jetmon/1.0 (Jetpack Site Uptime Monitor by WordPress.com)"
192.0.102.40 - - [02/May/2017:10:09:39 +0000] "HEAD / HTTP/1.1" 200 147 "-" "jetmon/1.0 (Jetpack Site Uptime Monitor by WordPress.com)"
192.0.102.40 - - [02/May/2017:10:14:04 +0000] "HEAD / HTTP/1.1" 200 147 "-" "jetmon/1.0 (Jetpack Site Uptime Monitor by WordPress.com)"
192.0.102.40 - - [02/May/2017:10:19:04 +0000] "HEAD / HTTP/1.1" 200 147 "-" "jetmon/1.0 (Jetpack Site Uptime Monitor by WordPress.com)"
192.0.102.40 - - [02/May/2017:10:24:12 +0000] "HEAD / HTTP/1.1" 200 147 "-" "jetmon/1.0 (Jetpack Site Uptime Monitor by WordPress.com)"
192.0.102.40 - - [02/May/2017:10:29:09 +0000] "HEAD / HTTP/1.1" 200 147 "-" "jetmon/1.0 (Jetpack Site Uptime Monitor by WordPress.com)"
192.0.102.40 - - [02/May/2017:10:34:07 +0000] "HEAD / HTTP/1.1" 200 147 "-" "jetmon/1.0 (Jetpack Site Uptime Monitor by WordPress.com)"
192.0.102.40 - - [02/May/2017:10:39:09 +0000] "HEAD / HTTP/1.1" 200 147 "-" "jetmon/1.0 (Jetpack Site Uptime Monitor by WordPress.com)"
192.0.102.40 - - [02/May/2017:10:44:05 +0000] "HEAD / HTTP/1.1" 200 147 "-" "jetmon/1.0 (Jetpack Site Uptime Monitor by WordPress.com)"
192.0.102.40 - - [02/May/2017:10:49:04 +0000] "HEAD / HTTP/1.1" 200 147 "-" "jetmon/1.0 (Jetpack Site Uptime Monitor by WordPress.com)"
192.0.102.40 - - [02/May/2017:10:54:04 +0000] "HEAD / HTTP/1.1" 200 147 "-" "jetmon/1.0 (Jetpack Site Uptime Monitor by WordPress.com)"
192.0.102.40 - - [02/May/2017:10:59:09 +0000] "HEAD / HTTP/1.1" 200 147 "-" "jetmon/1.0 (Jetpack Site Uptime Monitor by WordPress.com)"
192.0.102.40 - - [02/May/2017:11:04:08 +0000] "HEAD / HTTP/1.1" 200 147 "-" "jetmon/1.0 (Jetpack Site Uptime Monitor by WordPress.com)"
192.0.102.40 - - [02/May/2017:11:09:12 +0000] "HEAD / HTTP/1.1" 200 147 "-" "jetmon/1.0 (Jetpack Site Uptime Monitor by WordPress.com)"
192.0.102.40 - - [02/May/2017:11:14:16 +0000] "HEAD / HTTP/1.1" 200 147 "-" "jetmon/1.0 (Jetpack Site Uptime Monitor by WordPress.com)"
192.0.102.40 - - [02/May/2017:11:19:03 +0000] "HEAD / HTTP/1.1" 200 147 "-" "jetmon/1.0 (Jetpack Site Uptime Monitor by WordPress.com)"
192.0.102.40 - - [02/May/2017:11:24:11 +0000] "HEAD / HTTP/1.1" 200 147 "-" "jetmon/1.0 (Jetpack Site Uptime Monitor by WordPress.com)"
192.0.102.40 - - [02/May/2017:11:29:13 +0000] "HEAD / HTTP/1.1" 200 147 "-" "jetmon/1.0 (Jetpack Site Uptime Monitor by WordPress.com)"
192.0.102.40 - - [02/May/2017:11:34:09 +0000] "HEAD / HTTP/1.1" 200 147 "-" "jetmon/1.0 (Jetpack Site Uptime Monitor by WordPress.com)"
192.0.102.40 - - [02/May/2017:11:38:59 +0000] "HEAD / HTTP/1.1" 200 147 "-" "jetmon/1.0 (Jetpack Site Uptime Monitor by WordPress.com)"
192.0.102.40 - - [02/May/2017:11:44:09 +0000] "HEAD / HTTP/1.1" 200 147 "-" "jetmon/1.0 (Jetpack Site Uptime Monitor by WordPress.com)"
192.0.102.40 - - [02/May/2017:11:50:03 +0000] "HEAD / HTTP/1.1" 200 147 "-" "jetmon/1.0 (Jetpack Site Uptime Monitor by WordPress.com)"
::1 - - [02/May/2017:11:53:28 +0000] "OPTIONS * HTTP/1.0" 200 126 "-" "Apache/2.4.18 (Ubuntu) (internal dummy connection)"
::1 - - [02/May/2017:11:53:29 +0000] "OPTIONS * HTTP/1.0" 200 126 "-" "Apache/2.4.18 (Ubuntu) (internal dummy connection)"
::1 - - [02/May/2017:11:53:30 +0000] "OPTIONS * HTTP/1.0" 200 126 "-" "Apache/2.4.18 (Ubuntu) (internal dummy connection)"
::1 - - [02/May/2017:11:53:31 +0000] "OPTIONS * HTTP/1.0" 200 126 "-" "Apache/2.4.18 (Ubuntu) (internal dummy connection)"
::1 - - [02/May/2017:11:53:32 +0000] "OPTIONS * HTTP/1.0" 200 126 "-" "Apache/2.4.18 (Ubuntu) (internal dummy connection)"
::1 - - [02/May/2017:11:53:33 +0000] "OPTIONS * HTTP/1.0" 200 126 "-" "Apache/2.4.18 (Ubuntu) (internal dummy connection)"
::1 - - [02/May/2017:11:53:34 +0000] "OPTIONS * HTTP/1.0" 200 126 "-" "Apache/2.4.18 (Ubuntu) (internal dummy connection)"
::1 - - [02/May/2017:11:53:35 +0000] "OPTIONS * HTTP/1.0" 200 126 "-" "Apache/2.4.18 (Ubuntu) (internal dummy connection)"
::1 - - [02/May/2017:11:53:36 +0000] "OPTIONS * HTTP/1.0" 200 126 "-" "Apache/2.4.18 (Ubuntu) (internal dummy connection)"
::1 - - [02/May/2017:11:53:37 +0000] "OPTIONS * HTTP/1.0" 200 126 "-" "Apache/2.4.18 (Ubuntu) (internal dummy connection)"
::1 - - [02/May/2017:11:53:38 +0000] "OPTIONS * HTTP/1.0" 200 126 "-" "Apache/2.4.18 (Ubuntu) (internal dummy connection)"
::1 - - [02/May/2017:11:53:39 +0000] "OPTIONS * HTTP/1.0" 200 126 "-" "Apache/2.4.18 (Ubuntu) (internal dummy connection)"
::1 - - [02/May/2017:11:53:40 +0000] "OPTIONS * HTTP/1.0" 200 126 "-" "Apache/2.4.18 (Ubuntu) (internal dummy connection)"
::1 - - [02/May/2017:11:53:41 +0000] "OPTIONS * HTTP/1.0" 200 126 "-" "Apache/2.4.18 (Ubuntu) (internal dummy connection)"
::1 - - [02/May/2017:11:53:42 +0000] "OPTIONS * HTTP/1.0" 200 126 "-" "Apache/2.4.18 (Ubuntu) (internal dummy connection)"
::1 - - [02/May/2017:11:53:55 +0000] "OPTIONS * HTTP/1.0" 200 126 "-" "Apache/2.4.18 (Ubuntu) (internal dummy connection)"
::1 - - [02/May/2017:11:53:56 +0000] "OPTIONS * HTTP/1.0" 200 126 "-" "Apache/2.4.18 (Ubuntu) (internal dummy connection)"
::1 - - [02/May/2017:11:53:57 +0000] "OPTIONS * HTTP/1.0" 200 126 "-" "Apache/2.4.18 (Ubuntu) (internal dummy connection)"
::1 - - [02/May/2017:11:53:58 +0000] "OPTIONS * HTTP/1.0" 200 126 "-" "Apache/2.4.18 (Ubuntu) (internal dummy connection)"
::1 - - [02/May/2017:11:53:59 +0000] "OPTIONS * HTTP/1.0" 200 126 "-" "Apache/2.4.18 (Ubuntu) (internal dummy connection)"
::1 - - [02/May/2017:11:54:00 +0000] "OPTIONS * HTTP/1.0" 200 126 "-" "Apache/2.4.18 (Ubuntu) (internal dummy connection)"
::1 - - [02/May/2017:11:54:01 +0000] "OPTIONS * HTTP/1.0" 200 126 "-" "Apache/2.4.18 (Ubuntu) (internal dummy connection)"
::1 - - [02/May/2017:11:54:02 +0000] "OPTIONS * HTTP/1.0" 200 126 "-" "Apache/2.4.18 (Ubuntu) (internal dummy connection)"
::1 - - [02/May/2017:11:54:03 +0000] "OPTIONS * HTTP/1.0" 200 126 "-" "Apache/2.4.18 (Ubuntu) (internal dummy connection)"
::1 - - [02/May/2017:11:54:04 +0000] "OPTIONS * HTTP/1.0" 200 126 "-" "Apache/2.4.18 (Ubuntu) (internal dummy connection)"
::1 - - [02/May/2017:11:54:05 +0000] "OPTIONS * HTTP/1.0" 200 126 "-" "Apache/2.4.18 (Ubuntu) (internal dummy connection)"
::1 - - [02/May/2017:11:54:06 +0000] "OPTIONS * HTTP/1.0" 200 126 "-" "Apache/2.4.18 (Ubuntu) (internal dummy connection)"
::1 - - [02/May/2017:11:54:07 +0000] "OPTIONS * HTTP/1.0" 200 126 "-" "Apache/2.4.18 (Ubuntu) (internal dummy connection)"
::1 - - [02/May/2017:11:54:08 +0000] "OPTIONS * HTTP/1.0" 200 126 "-" "Apache/2.4.18 (Ubuntu) (internal dummy connection)"
::1 - - [02/May/2017:11:54:09 +0000] "OPTIONS * HTTP/1.0" 200 126 "-" "Apache/2.4.18 (Ubuntu) (internal dummy connection)"
192.0.102.40 - - [02/May/2017:11:54:16 +0000] "HEAD / HTTP/1.1" 200 147 "-" "jetmon/1.0 (Jetpack Site Uptime Monitor by WordPress.com)"
::1 - - [02/May/2017:11:55:27 +0000] "OPTIONS * HTTP/1.0" 200 126 "-" "Apache/2.4.18 (Ubuntu) (internal dummy connection)"
::1 - - [02/May/2017:11:55:28 +0000] "OPTIONS * HTTP/1.0" 200 126 "-" "Apache/2.4.18 (Ubuntu) (internal dummy connection)"
::1 - - [02/May/2017:11:55:43 +0000] "OPTIONS * HTTP/1.0" 200 126 "-" "Apache/2.4.18 (Ubuntu) (internal dummy connection)"
192.0.102.40 - - [02/May/2017:11:59:15 +0000] "HEAD / HTTP/1.1" 200 147 "-" "jetmon/1.0 (Jetpack Site Uptime Monitor by WordPress.com)"
192.0.102.40 - - [02/May/2017:12:04:06 +0000] "HEAD / HTTP/1.1" 200 147 "-" "jetmon/1.0 (Jetpack Site Uptime Monitor by WordPress.com)"
192.0.102.40 - - [02/May/2017:12:09:06 +0000] "HEAD / HTTP/1.1" 200 147 "-" "jetmon/1.0 (Jetpack Site Uptime Monitor by WordPress.com)"
162.158.167.168 - - [02/May/2017:12:13:32 +0000] "GET / HTTP/1.1" 500 188 "-" "Mozilla/5.0 (Windows NT 6.1; WOW64; rv:53.0) Gecko/20100101 Firefox/53.0"
162.158.166.77 - - [02/May/2017:12:13:33 +0000] "GET /favicon.ico HTTP/1.1" 404 509 "-" "Mozilla/5.0 (Windows NT 6.1; WOW64; rv:53.0) Gecko/20100101 Firefox/53.0"
192.0.102.40 - - [02/May/2017:12:14:13 +0000] "HEAD / HTTP/1.1" 500 166 "-" "jetmon/1.0 (Jetpack Site Uptime Monitor by WordPress.com)"
162.158.167.168 - - [02/May/2017:12:15:08 +0000] "GET / HTTP/1.1" 500 188 "-" "Mozilla/5.0 (Windows NT 6.1; WOW64; rv:53.0) Gecko/20100101 Firefox/53.0"
192.0.102.40 - - [02/May/2017:12:15:16 +0000] "HEAD / HTTP/1.1" 500 166 "-" "jetmon/1.0 (Jetpack Site Uptime Monitor by WordPress.com)"
54.217.201.243 - - [02/May/2017:12:15:22 +0000] "HEAD / HTTP/1.1" 500 166 "-" "jetmon/1.0 (Jetpack Site Uptime Monitor by WordPress.com)"
122.248.245.244 - - [02/May/2017:12:15:22 +0000] "HEAD / HTTP/1.1" 500 166 "-" "jetmon/1.0 (Jetpack Site Uptime Monitor by WordPress.com)"
54.232.116.4 - - [02/May/2017:12:15:22 +0000] "HEAD / HTTP/1.1" 500 166 "-" "jetmon/1.0 (Jetpack Site Uptime Monitor by WordPress.com)"
162.158.167.168 - - [02/May/2017:12:16:21 +0000] "GET / HTTP/1.1" 200 702 "-" "Mozilla/5.0 (Windows NT 6.1; WOW64; rv:53.0) Gecko/20100101 Firefox/53.0"
162.158.167.168 - - [02/May/2017:12:17:16 +0000] "GET / HTTP/1.1" 200 702 "-" "Mozilla/5.0 (Windows NT 6.1; WOW64; rv:53.0) Gecko/20100101 Firefox/53.0"
192.0.102.40 - - [02/May/2017:12:19:10 +0000] "HEAD / HTTP/1.1" 200 147 "-" "jetmon/1.0 (Jetpack Site Uptime Monitor by WordPress.com)"
192.0.102.40 - - [02/May/2017:12:24:03 +0000] "HEAD / HTTP/1.1" 200 147 "-" "jetmon/1.0 (Jetpack Site Uptime Monitor by WordPress.com)"
192.0.102.40 - - [02/May/2017:12:29:06 +0000] "HEAD / HTTP/1.1" 200 147 "-" "jetmon/1.0 (Jetpack Site Uptime Monitor by WordPress.com)"
89.163.235.166 - - [02/May/2017:12:29:38 +0000] "GET / HTTP/1.1" 200 1434 "-" "-"
162.158.167.168 - - [02/May/2017:12:29:51 +0000] "GET / HTTP/1.1" 200 702 "-" "Mozilla/5.0 (Windows NT 6.1; WOW64; rv:53.0) Gecko/20100101 Firefox/53.0"
162.158.167.168 - - [02/May/2017:12:30:31 +0000] "GET / HTTP/1.1" 200 1998 "-" "Mozilla/5.0 (Windows NT 6.1; WOW64; rv:53.0) Gecko/20100101 Firefox/53.0"
162.158.166.137 - - [02/May/2017:12:30:31 +0000] "GET /assets/css/normalize.css HTTP/1.1" 200 2934 "http://ahp.keltech.co.id/" "Mozilla/5.0 (Windows NT 6.1; WOW64; rv:53.0) Gecko/20100101 Firefox/53.0"
162.158.165.130 - - [02/May/2017:12:30:31 +0000] "GET /assets/css/skeleton.css HTTP/1.1" 200 3043 "http://ahp.keltech.co.id/" "Mozilla/5.0 (Windows NT 6.1; WOW64; rv:53.0) Gecko/20100101 Firefox/53.0"
172.68.144.247 - - [02/May/2017:12:30:31 +0000] "GET /assets/js/jquery.min.js HTTP/1.1" 200 33494 "http://ahp.keltech.co.id/" "Mozilla/5.0 (Windows NT 6.1; WOW64; rv:53.0) Gecko/20100101 Firefox/53.0"
162.158.167.168 - - [02/May/2017:12:30:31 +0000] "POST /add_criteria.php HTTP/1.1" 200 495 "http://ahp.keltech.co.id/" "Mozilla/5.0 (Windows NT 6.1; WOW64; rv:53.0) Gecko/20100101 Firefox/53.0"
95.213.177.125 - - [02/May/2017:12:33:05 +0000] "CONNECT check.proxyradar.com:80 HTTP/1.1" 400 0 "-" "-"
192.0.102.40 - - [02/May/2017:12:34:07 +0000] "HEAD / HTTP/1.1" 200 147 "-" "jetmon/1.0 (Jetpack Site Uptime Monitor by WordPress.com)"
192.0.102.40 - - [02/May/2017:12:39:13 +0000] "HEAD / HTTP/1.1" 200 147 "-" "jetmon/1.0 (Jetpack Site Uptime Monitor by WordPress.com)"
192.0.102.40 - - [02/May/2017:12:43:59 +0000] "HEAD / HTTP/1.1" 200 147 "-" "jetmon/1.0 (Jetpack Site Uptime Monitor by WordPress.com)"
192.0.102.40 - - [02/May/2017:12:49:41 +0000] "HEAD / HTTP/1.1" 200 147 "-" "jetmon/1.0 (Jetpack Site Uptime Monitor by WordPress.com)"
192.0.102.40 - - [02/May/2017:12:54:01 +0000] "HEAD / HTTP/1.1" 200 147 "-" "jetmon/1.0 (Jetpack Site Uptime Monitor by WordPress.com)"
192.0.102.40 - - [02/May/2017:12:59:12 +0000] "HEAD / HTTP/1.1" 200 147 "-" "jetmon/1.0 (Jetpack Site Uptime Monitor by WordPress.com)"
192.0.102.40 - - [02/May/2017:13:04:09 +0000] "HEAD / HTTP/1.1" 200 147 "-" "jetmon/1.0 (Jetpack Site Uptime Monitor by WordPress.com)"
192.0.102.40 - - [02/May/2017:13:09:05 +0000] "HEAD / HTTP/1.1" 200 147 "-" "jetmon/1.0 (Jetpack Site Uptime Monitor by WordPress.com)"
192.0.102.40 - - [02/May/2017:13:14:11 +0000] "HEAD / HTTP/1.1" 200 147 "-" "jetmon/1.0 (Jetpack Site Uptime Monitor by WordPress.com)"
192.0.102.40 - - [02/May/2017:13:19:09 +0000] "HEAD / HTTP/1.1" 200 147 "-" "jetmon/1.0 (Jetpack Site Uptime Monitor by WordPress.com)"
192.0.102.40 - - [02/May/2017:13:24:07 +0000] "HEAD / HTTP/1.1" 200 147 "-" "jetmon/1.0 (Jetpack Site Uptime Monitor by WordPress.com)"
192.0.102.40 - - [02/May/2017:13:29:26 +0000] "HEAD / HTTP/1.1" 200 147 "-" "jetmon/1.0 (Jetpack Site Uptime Monitor by WordPress.com)"
192.0.102.40 - - [02/May/2017:13:34:37 +0000] "HEAD / HTTP/1.1" 200 147 "-" "jetmon/1.0 (Jetpack Site Uptime Monitor by WordPress.com)"
192.0.102.40 - - [02/May/2017:13:39:09 +0000] "HEAD / HTTP/1.1" 200 147 "-" "jetmon/1.0 (Jetpack Site Uptime Monitor by WordPress.com)"
192.0.102.40 - - [02/May/2017:13:45:07 +0000] "HEAD / HTTP/1.1" 200 147 "-" "jetmon/1.0 (Jetpack Site Uptime Monitor by WordPress.com)"
192.0.102.40 - - [02/May/2017:13:49:05 +0000] "HEAD / HTTP/1.1" 200 147 "-" "jetmon/1.0 (Jetpack Site Uptime Monitor by WordPress.com)"
192.0.102.40 - - [02/May/2017:13:54:06 +0000] "HEAD / HTTP/1.1" 200 147 "-" "jetmon/1.0 (Jetpack Site Uptime Monitor by WordPress.com)"
192.0.102.40 - - [02/May/2017:13:59:35 +0000] "HEAD / HTTP/1.1" 200 147 "-" "jetmon/1.0 (Jetpack Site Uptime Monitor by WordPress.com)"
192.0.102.40 - - [02/May/2017:14:04:14 +0000] "HEAD / HTTP/1.1" 200 147 "-" "jetmon/1.0 (Jetpack Site Uptime Monitor by WordPress.com)"
192.0.102.40 - - [02/May/2017:14:09:11 +0000] "HEAD / HTTP/1.1" 200 147 "-" "jetmon/1.0 (Jetpack Site Uptime Monitor by WordPress.com)"
192.0.102.40 - - [02/May/2017:14:14:16 +0000] "HEAD / HTTP/1.1" 200 147 "-" "jetmon/1.0 (Jetpack Site Uptime Monitor by WordPress.com)"
46.19.100.26 - - [02/May/2017:14:18:44 +0000] "GET / HTTP/1.0" 200 5899 "-" "-"
192.0.102.40 - - [02/May/2017:14:19:14 +0000] "HEAD / HTTP/1.1" 200 147 "-" "jetmon/1.0 (Jetpack Site Uptime Monitor by WordPress.com)"
192.0.102.40 - - [02/May/2017:14:24:09 +0000] "HEAD / HTTP/1.1" 200 147 "-" "jetmon/1.0 (Jetpack Site Uptime Monitor by WordPress.com)"
192.0.102.40 - - [02/May/2017:14:29:06 +0000] "HEAD / HTTP/1.1" 200 147 "-" "jetmon/1.0 (Jetpack Site Uptime Monitor by WordPress.com)"
192.0.102.40 - - [02/May/2017:14:34:16 +0000] "HEAD / HTTP/1.1" 200 147 "-" "jetmon/1.0 (Jetpack Site Uptime Monitor by WordPress.com)"
192.0.102.40 - - [02/May/2017:14:39:09 +0000] "HEAD / HTTP/1.1" 200 147 "-" "jetmon/1.0 (Jetpack Site Uptime Monitor by WordPress.com)"
192.0.102.40 - - [02/May/2017:14:46:19 +0000] "HEAD / HTTP/1.1" 200 147 "-" "jetmon/1.0 (Jetpack Site Uptime Monitor by WordPress.com)"
192.0.102.40 - - [02/May/2017:14:54:50 +0000] "HEAD / HTTP/1.1" 200 147 "-" "jetmon/1.0 (Jetpack Site Uptime Monitor by WordPress.com)"
192.0.102.40 - - [02/May/2017:14:58:39 +0000] "HEAD / HTTP/1.1" 200 147 "-" "jetmon/1.0 (Jetpack Site Uptime Monitor by WordPress.com)"
192.0.102.40 - - [02/May/2017:15:02:17 +0000] "HEAD / HTTP/1.1" 200 147 "-" "jetmon/1.0 (Jetpack Site Uptime Monitor by WordPress.com)"
192.0.102.40 - - [02/May/2017:15:04:49 +0000] "HEAD / HTTP/1.1" 200 147 "-" "jetmon/1.0 (Jetpack Site Uptime Monitor by WordPress.com)"
192.0.102.40 - - [02/May/2017:15:10:47 +0000] "HEAD / HTTP/1.1" 200 147 "-" "jetmon/1.0 (Jetpack Site Uptime Monitor by WordPress.com)"
192.0.102.40 - - [02/May/2017:15:15:17 +0000] "HEAD / HTTP/1.1" 200 147 "-" "jetmon/1.0 (Jetpack Site Uptime Monitor by WordPress.com)"
192.0.102.40 - - [02/May/2017:15:19:52 +0000] "HEAD / HTTP/1.1" 200 147 "-" "jetmon/1.0 (Jetpack Site Uptime Monitor by WordPress.com)"
192.0.102.40 - - [02/May/2017:15:24:55 +0000] "HEAD / HTTP/1.1" 200 147 "-" "jetmon/1.0 (Jetpack Site Uptime Monitor by WordPress.com)"
192.0.102.40 - - [02/May/2017:15:30:12 +0000] "HEAD / HTTP/1.1" 200 147 "-" "jetmon/1.0 (Jetpack Site Uptime Monitor by WordPress.com)"
192.0.102.40 - - [02/May/2017:15:34:59 +0000] "HEAD / HTTP/1.1" 200 147 "-" "jetmon/1.0 (Jetpack Site Uptime Monitor by WordPress.com)"
192.0.102.40 - - [02/May/2017:15:40:54 +0000] "HEAD / HTTP/1.1" 200 147 "-" "jetmon/1.0 (Jetpack Site Uptime Monitor by WordPress.com)"
192.0.102.40 - - [02/May/2017:15:44:50 +0000] "HEAD / HTTP/1.1" 200 147 "-" "jetmon/1.0 (Jetpack Site Uptime Monitor by WordPress.com)"
192.0.102.40 - - [02/May/2017:15:49:53 +0000] "HEAD / HTTP/1.1" 200 147 "-" "jetmon/1.0 (Jetpack Site Uptime Monitor by WordPress.com)"
192.0.102.40 - - [02/May/2017:15:54:46 +0000] "HEAD / HTTP/1.1" 200 147 "-" "jetmon/1.0 (Jetpack Site Uptime Monitor by WordPress.com)"
192.0.102.40 - - [02/May/2017:15:59:47 +0000] "HEAD / HTTP/1.1" 200 147 "-" "jetmon/1.0 (Jetpack Site Uptime Monitor by WordPress.com)"
162.158.167.168 - - [02/May/2017:16:04:46 +0000] "GET / HTTP/1.1" 200 2000 "-" "Mozilla/5.0 (Windows NT 6.1; WOW64; rv:53.0) Gecko/20100101 Firefox/53.0"
162.158.166.137 - - [02/May/2017:16:04:46 +0000] "GET /assets/css/normalize.css HTTP/1.1" 200 2934 "http://ahp.keltech.co.id/" "Mozilla/5.0 (Windows NT 6.1; WOW64; rv:53.0) Gecko/20100101 Firefox/53.0"
172.68.144.247 - - [02/May/2017:16:04:46 +0000] "GET /assets/js/jquery.min.js HTTP/1.1" 200 33494 "http://ahp.keltech.co.id/" "Mozilla/5.0 (Windows NT 6.1; WOW64; rv:53.0) Gecko/20100101 Firefox/53.0"
162.158.165.130 - - [02/May/2017:16:04:46 +0000] "GET /assets/css/skeleton.css HTTP/1.1" 200 3043 "http://ahp.keltech.co.id/" "Mozilla/5.0 (Windows NT 6.1; WOW64; rv:53.0) Gecko/20100101 Firefox/53.0"
162.158.167.168 - - [02/May/2017:16:04:47 +0000] "POST /add_criteria.php HTTP/1.1" 200 495 "http://ahp.keltech.co.id/" "Mozilla/5.0 (Windows NT 6.1; WOW64; rv:53.0) Gecko/20100101 Firefox/53.0"
192.0.102.40 - - [02/May/2017:16:04:51 +0000] "HEAD / HTTP/1.1" 200 147 "-" "jetmon/1.0 (Jetpack Site Uptime Monitor by WordPress.com)"
162.158.167.168 - - [02/May/2017:16:07:08 +0000] "GET / HTTP/1.1" 200 1673 "-" "Mozilla/5.0 (Windows NT 6.1; WOW64; rv:53.0) Gecko/20100101 Firefox/53.0"
162.158.167.168 - - [02/May/2017:16:07:09 +0000] "POST /add_criteria.php HTTP/1.1" 200 495 "http://ahp.keltech.co.id/" "Mozilla/5.0 (Windows NT 6.1; WOW64; rv:53.0) Gecko/20100101 Firefox/53.0"
162.158.167.168 - - [02/May/2017:16:07:32 +0000] "GET / HTTP/1.1" 200 1678 "-" "Mozilla/5.0 (Windows NT 6.1; WOW64; rv:53.0) Gecko/20100101 Firefox/53.0"
162.158.167.168 - - [02/May/2017:16:07:33 +0000] "POST /add_criteria.php HTTP/1.1" 200 495 "http://ahp.keltech.co.id/" "Mozilla/5.0 (Windows NT 6.1; WOW64; rv:53.0) Gecko/20100101 Firefox/53.0"
162.158.167.168 - - [02/May/2017:16:09:34 +0000] "GET / HTTP/1.1" 200 1412 "-" "Mozilla/5.0 (Windows NT 6.1; WOW64; rv:53.0) Gecko/20100101 Firefox/53.0"
192.0.102.40 - - [02/May/2017:16:09:50 +0000] "HEAD / HTTP/1.1" 200 147 "-" "jetmon/1.0 (Jetpack Site Uptime Monitor by WordPress.com)"
162.158.167.168 - - [02/May/2017:16:10:14 +0000] "GET / HTTP/1.1" 200 1697 "-" "Mozilla/5.0 (Windows NT 6.1; WOW64; rv:53.0) Gecko/20100101 Firefox/53.0"
162.158.167.168 - - [02/May/2017:16:10:57 +0000] "POST /add_criteria.php HTTP/1.1" 200 496 "http://ahp.keltech.co.id/" "Mozilla/5.0 (Windows NT 6.1; WOW64; rv:53.0) Gecko/20100101 Firefox/53.0"
162.158.167.168 - - [02/May/2017:16:11:03 +0000] "GET / HTTP/1.1" 200 1581 "-" "Mozilla/5.0 (Windows NT 6.1; WOW64; rv:53.0) Gecko/20100101 Firefox/53.0"
162.158.167.168 - - [02/May/2017:16:11:04 +0000] "POST /add_criteria.php HTTP/1.1" 200 495 "http://ahp.keltech.co.id/" "Mozilla/5.0 (Windows NT 6.1; WOW64; rv:53.0) Gecko/20100101 Firefox/53.0"
162.158.167.168 - - [02/May/2017:16:11:13 +0000] "GET / HTTP/1.1" 200 1581 "-" "Mozilla/5.0 (Windows NT 6.1; WOW64; rv:53.0) Gecko/20100101 Firefox/53.0"
162.158.167.168 - - [02/May/2017:16:11:13 +0000] "POST /add_criteria.php HTTP/1.1" 200 495 "http://ahp.keltech.co.id/" "Mozilla/5.0 (Windows NT 6.1; WOW64; rv:53.0) Gecko/20100101 Firefox/53.0"
162.158.167.168 - - [02/May/2017:16:11:41 +0000] "GET / HTTP/1.1" 200 1697 "-" "Mozilla/5.0 (Windows NT 6.1; WOW64; rv:53.0) Gecko/20100101 Firefox/53.0"
162.158.167.168 - - [02/May/2017:16:11:42 +0000] "POST /add_criteria.php HTTP/1.1" 200 495 "http://ahp.keltech.co.id/" "Mozilla/5.0 (Windows NT 6.1; WOW64; rv:53.0) Gecko/20100101 Firefox/53.0"
162.158.167.168 - - [02/May/2017:16:12:20 +0000] "GET / HTTP/1.1" 200 1722 "-" "Mozilla/5.0 (Windows NT 6.1; WOW64; rv:53.0) Gecko/20100101 Firefox/53.0"
162.158.167.168 - - [02/May/2017:16:12:21 +0000] "POST /add_criteria.php HTTP/1.1" 200 495 "http://ahp.keltech.co.id/" "Mozilla/5.0 (Windows NT 6.1; WOW64; rv:53.0) Gecko/20100101 Firefox/53.0"
162.158.167.168 - - [02/May/2017:16:12:32 +0000] "GET / HTTP/1.1" 200 1722 "-" "Mozilla/5.0 (Windows NT 6.1; WOW64; rv:53.0) Gecko/20100101 Firefox/53.0"
162.158.167.168 - - [02/May/2017:16:12:33 +0000] "POST /add_criteria.php HTTP/1.1" 200 495 "http://ahp.keltech.co.id/" "Mozilla/5.0 (Windows NT 6.1; WOW64; rv:53.0) Gecko/20100101 Firefox/53.0"
162.158.167.168 - - [02/May/2017:16:12:52 +0000] "GET / HTTP/1.1" 200 1581 "-" "Mozilla/5.0 (Windows NT 6.1; WOW64; rv:53.0) Gecko/20100101 Firefox/53.0"
162.158.167.168 - - [02/May/2017:16:12:53 +0000] "POST /add_criteria.php HTTP/1.1" 200 495 "http://ahp.keltech.co.id/" "Mozilla/5.0 (Windows NT 6.1; WOW64; rv:53.0) Gecko/20100101 Firefox/53.0"
162.158.167.168 - - [02/May/2017:16:13:23 +0000] "GET /scrap.php HTTP/1.1" 200 1008 "-" "Mozilla/5.0 (Windows NT 6.1; WOW64; rv:53.0) Gecko/20100101 Firefox/53.0"
162.158.167.168 - - [02/May/2017:16:13:24 +0000] "POST /handle_json.php HTTP/1.1" 200 3852 "http://ahp.keltech.co.id/scrap.php" "Mozilla/5.0 (Windows NT 6.1; WOW64; rv:53.0) Gecko/20100101 Firefox/53.0"
162.158.167.168 - - [02/May/2017:16:14:24 +0000] "GET /scrap.php HTTP/1.1" 200 1008 "-" "Mozilla/5.0 (Windows NT 6.1; WOW64; rv:53.0) Gecko/20100101 Firefox/53.0"
162.158.167.168 - - [02/May/2017:16:14:26 +0000] "POST /handle_json.php HTTP/1.1" 200 533 "http://ahp.keltech.co.id/scrap.php" "Mozilla/5.0 (Windows NT 6.1; WOW64; rv:53.0) Gecko/20100101 Firefox/53.0"
162.158.167.168 - - [02/May/2017:16:14:45 +0000] "GET /scrap.php HTTP/1.1" 200 1008 "-" "Mozilla/5.0 (Windows NT 6.1; WOW64; rv:53.0) Gecko/20100101 Firefox/53.0"
192.0.102.40 - - [02/May/2017:16:14:45 +0000] "HEAD / HTTP/1.1" 200 147 "-" "jetmon/1.0 (Jetpack Site Uptime Monitor by WordPress.com)"
162.158.167.168 - - [02/May/2017:16:14:46 +0000] "POST /handle_json.php HTTP/1.1" 200 532 "http://ahp.keltech.co.id/scrap.php" "Mozilla/5.0 (Windows NT 6.1; WOW64; rv:53.0) Gecko/20100101 Firefox/53.0"
162.158.167.168 - - [02/May/2017:16:15:04 +0000] "GET /scrap.php HTTP/1.1" 200 1008 "-" "Mozilla/5.0 (Windows NT 6.1; WOW64; rv:53.0) Gecko/20100101 Firefox/53.0"
162.158.167.168 - - [02/May/2017:16:15:05 +0000] "POST /handle_json.php HTTP/1.1" 200 203 "http://ahp.keltech.co.id/scrap.php" "Mozilla/5.0 (Windows NT 6.1; WOW64; rv:53.0) Gecko/20100101 Firefox/53.0"
162.158.167.168 - - [02/May/2017:16:18:21 +0000] "GET /scrap.php HTTP/1.1" 200 1005 "-" "Mozilla/5.0 (Windows NT 6.1; WOW64; rv:53.0) Gecko/20100101 Firefox/53.0"
162.158.167.168 - - [02/May/2017:16:18:22 +0000] "POST /handle_json.php HTTP/1.1" 200 3852 "http://ahp.keltech.co.id/scrap.php" "Mozilla/5.0 (Windows NT 6.1; WOW64; rv:53.0) Gecko/20100101 Firefox/53.0"
162.158.167.168 - - [02/May/2017:16:19:10 +0000] "GET /scrap.php HTTP/1.1" 200 1005 "-" "Mozilla/5.0 (Windows NT 6.1; WOW64; rv:53.0) Gecko/20100101 Firefox/53.0"
162.158.167.168 - - [02/May/2017:16:19:11 +0000] "POST /handle_json.php HTTP/1.1" 200 680 "http://ahp.keltech.co.id/scrap.php" "Mozilla/5.0 (Windows NT 6.1; WOW64; rv:53.0) Gecko/20100101 Firefox/53.0"
162.158.167.168 - - [02/May/2017:16:19:31 +0000] "GET /scrap.php HTTP/1.1" 200 1005 "-" "Mozilla/5.0 (Windows NT 6.1; WOW64; rv:53.0) Gecko/20100101 Firefox/53.0"
162.158.167.168 - - [02/May/2017:16:19:32 +0000] "POST /handle_json.php HTTP/1.1" 200 3852 "http://ahp.keltech.co.id/scrap.php" "Mozilla/5.0 (Windows NT 6.1; WOW64; rv:53.0) Gecko/20100101 Firefox/53.0"
162.158.167.168 - - [02/May/2017:16:20:03 +0000] "GET /scrap.php HTTP/1.1" 200 1005 "-" "Mozilla/5.0 (Windows NT 6.1; WOW64; rv:53.0) Gecko/20100101 Firefox/53.0"
162.158.167.168 - - [02/May/2017:16:20:04 +0000] "POST /handle_json.php HTTP/1.1" 200 3233 "http://ahp.keltech.co.id/scrap.php" "Mozilla/5.0 (Windows NT 6.1; WOW64; rv:53.0) Gecko/20100101 Firefox/53.0"
162.158.167.168 - - [02/May/2017:16:20:23 +0000] "GET /scrap.php HTTP/1.1" 200 1005 "-" "Mozilla/5.0 (Windows NT 6.1; WOW64; rv:53.0) Gecko/20100101 Firefox/53.0"
162.158.167.168 - - [02/May/2017:16:20:23 +0000] "POST /handle_json.php HTTP/1.1" 200 345 "http://ahp.keltech.co.id/scrap.php" "Mozilla/5.0 (Windows NT 6.1; WOW64; rv:53.0) Gecko/20100101 Firefox/53.0"
162.158.167.168 - - [02/May/2017:16:20:37 +0000] "GET /scrap.php HTTP/1.1" 200 1005 "-" "Mozilla/5.0 (Windows NT 6.1; WOW64; rv:53.0) Gecko/20100101 Firefox/53.0"
162.158.167.168 - - [02/May/2017:16:20:39 +0000] "POST /handle_json.php HTTP/1.1" 200 3233 "http://ahp.keltech.co.id/scrap.php" "Mozilla/5.0 (Windows NT 6.1; WOW64; rv:53.0) Gecko/20100101 Firefox/53.0"
192.0.102.40 - - [02/May/2017:16:20:48 +0000] "HEAD / HTTP/1.1" 200 147 "-" "jetmon/1.0 (Jetpack Site Uptime Monitor by WordPress.com)"
91.218.113.183 - - [02/May/2017:16:20:48 +0000] "GET / HTTP/1.1" 200 4921 "-" "-"
162.158.167.168 - - [02/May/2017:16:23:29 +0000] "GET /scrap.php HTTP/1.1" 200 1005 "-" "Mozilla/5.0 (Windows NT 6.1; WOW64; rv:53.0) Gecko/20100101 Firefox/53.0"
162.158.167.168 - - [02/May/2017:16:23:31 +0000] "POST /handle_json.php HTTP/1.1" 200 437 "http://ahp.keltech.co.id/scrap.php" "Mozilla/5.0 (Windows NT 6.1; WOW64; rv:53.0) Gecko/20100101 Firefox/53.0"
162.158.167.168 - - [02/May/2017:16:24:03 +0000] "GET /scrap.php HTTP/1.1" 200 1005 "-" "Mozilla/5.0 (Windows NT 6.1; WOW64; rv:53.0) Gecko/20100101 Firefox/53.0"
162.158.167.168 - - [02/May/2017:16:24:04 +0000] "POST /handle_json.php HTTP/1.1" 200 203 "http://ahp.keltech.co.id/scrap.php" "Mozilla/5.0 (Windows NT 6.1; WOW64; rv:53.0) Gecko/20100101 Firefox/53.0"
162.158.167.168 - - [02/May/2017:16:24:26 +0000] "GET /scrap.php HTTP/1.1" 200 1005 "-" "Mozilla/5.0 (Windows NT 6.1; WOW64; rv:53.0) Gecko/20100101 Firefox/53.0"
162.158.167.168 - - [02/May/2017:16:24:27 +0000] "POST /handle_json.php HTTP/1.1" 200 407 "http://ahp.keltech.co.id/scrap.php" "Mozilla/5.0 (Windows NT 6.1; WOW64; rv:53.0) Gecko/20100101 Firefox/53.0"
192.0.102.40 - - [02/May/2017:16:24:54 +0000] "HEAD / HTTP/1.1" 200 147 "-" "jetmon/1.0 (Jetpack Site Uptime Monitor by WordPress.com)"
162.158.167.168 - - [02/May/2017:16:25:02 +0000] "GET /scrap.php HTTP/1.1" 200 1005 "-" "Mozilla/5.0 (Windows NT 6.1; WOW64; rv:53.0) Gecko/20100101 Firefox/53.0"
162.158.167.168 - - [02/May/2017:16:25:03 +0000] "POST /handle_json.php HTTP/1.1" 200 203 "http://ahp.keltech.co.id/scrap.php" "Mozilla/5.0 (Windows NT 6.1; WOW64; rv:53.0) Gecko/20100101 Firefox/53.0"
162.158.167.168 - - [02/May/2017:16:25:53 +0000] "GET /scrap.php HTTP/1.1" 200 1005 "-" "Mozilla/5.0 (Windows NT 6.1; WOW64; rv:53.0) Gecko/20100101 Firefox/53.0"
162.158.167.168 - - [02/May/2017:16:25:57 +0000] "POST /handle_json.php HTTP/1.1" 200 202 "http://ahp.keltech.co.id/scrap.php" "Mozilla/5.0 (Windows NT 6.1; WOW64; rv:53.0) Gecko/20100101 Firefox/53.0"
192.0.102.40 - - [02/May/2017:16:29:45 +0000] "HEAD / HTTP/1.1" 200 147 "-" "jetmon/1.0 (Jetpack Site Uptime Monitor by WordPress.com)"
162.158.167.168 - - [02/May/2017:16:30:18 +0000] "GET /scrap.php HTTP/1.1" 200 1005 "-" "Mozilla/5.0 (Windows NT 6.1; WOW64; rv:53.0) Gecko/20100101 Firefox/53.0"
162.158.167.168 - - [02/May/2017:16:30:20 +0000] "POST /handle_json.php HTTP/1.1" 200 202 "http://ahp.keltech.co.id/scrap.php" "Mozilla/5.0 (Windows NT 6.1; WOW64; rv:53.0) Gecko/20100101 Firefox/53.0"
162.158.167.168 - - [02/May/2017:16:30:54 +0000] "GET / HTTP/1.1" 200 5424 "-" "Mozilla/5.0 (Windows NT 6.1; WOW64; rv:53.0) Gecko/20100101 Firefox/53.0"
162.158.167.168 - - [02/May/2017:16:30:55 +0000] "POST /add_criteria.php HTTP/1.1" 200 495 "http://ahp.keltech.co.id/" "Mozilla/5.0 (Windows NT 6.1; WOW64; rv:53.0) Gecko/20100101 Firefox/53.0"
162.158.167.168 - - [02/May/2017:16:31:49 +0000] "GET /regions.php HTTP/1.1" 200 777 "-" "Mozilla/5.0 (Windows NT 6.1; WOW64; rv:53.0) Gecko/20100101 Firefox/53.0"
162.158.167.168 - - [02/May/2017:16:31:55 +0000] "GET /regions.php HTTP/1.1" 200 3934 "-" "Mozilla/5.0 (Windows NT 6.1; WOW64; rv:53.0) Gecko/20100101 Firefox/53.0"
162.158.167.168 - - [02/May/2017:16:32:08 +0000] "GET /regions.php HTTP/1.1" 200 706 "-" "Mozilla/5.0 (Windows NT 6.1; WOW64; rv:53.0) Gecko/20100101 Firefox/53.0"
162.158.167.168 - - [02/May/2017:16:32:14 +0000] "GET /regions.php HTTP/1.1" 200 3934 "-" "Mozilla/5.0 (Windows NT 6.1; WOW64; rv:53.0) Gecko/20100101 Firefox/53.0"
162.158.167.168 - - [02/May/2017:16:32:58 +0000] "GET /regions.php HTTP/1.1" 200 3341 "-" "Mozilla/5.0 (Windows NT 6.1; WOW64; rv:53.0) Gecko/20100101 Firefox/53.0"
162.158.167.168 - - [02/May/2017:16:33:09 +0000] "GET /regions.php HTTP/1.1" 200 867 "-" "Mozilla/5.0 (Windows NT 6.1; WOW64; rv:53.0) Gecko/20100101 Firefox/53.0"
162.158.167.168 - - [02/May/2017:16:33:17 +0000] "GET /regions.php HTTP/1.1" 200 722 "-" "Mozilla/5.0 (Windows NT 6.1; WOW64; rv:53.0) Gecko/20100101 Firefox/53.0"
162.158.167.168 - - [02/May/2017:16:33:26 +0000] "GET /regions.php HTTP/1.1" 200 3341 "-" "Mozilla/5.0 (Windows NT 6.1; WOW64; rv:53.0) Gecko/20100101 Firefox/53.0"
162.158.167.168 - - [02/May/2017:16:33:45 +0000] "GET /regions.php HTTP/1.1" 200 938 "-" "Mozilla/5.0 (Windows NT 6.1; WOW64; rv:53.0) Gecko/20100101 Firefox/53.0"
162.158.167.168 - - [02/May/2017:16:33:56 +0000] "GET /regions.php HTTP/1.1" 200 722 "-" "Mozilla/5.0 (Windows NT 6.1; WOW64; rv:53.0) Gecko/20100101 Firefox/53.0"
162.158.167.168 - - [02/May/2017:16:34:05 +0000] "GET /regions.php HTTP/1.1" 200 3341 "-" "Mozilla/5.0 (Windows NT 6.1; WOW64; rv:53.0) Gecko/20100101 Firefox/53.0"
162.158.167.168 - - [02/May/2017:16:34:54 +0000] "GET /regions.php HTTP/1.1" 200 1145 "-" "Mozilla/5.0 (Windows NT 6.1; WOW64; rv:53.0) Gecko/20100101 Firefox/53.0"
162.158.167.168 - - [02/May/2017:16:35:02 +0000] "GET /regions.php HTTP/1.1" 200 2719 "-" "Mozilla/5.0 (Windows NT 6.1; WOW64; rv:53.0) Gecko/20100101 Firefox/53.0"
162.158.167.168 - - [02/May/2017:16:35:30 +0000] "GET /regions.php HTTP/1.1" 200 326 "-" "Mozilla/5.0 (Windows NT 6.1; WOW64; rv:53.0) Gecko/20100101 Firefox/53.0"
192.0.102.40 - - [02/May/2017:16:35:46 +0000] "HEAD / HTTP/1.1" 200 147 "-" "jetmon/1.0 (Jetpack Site Uptime Monitor by WordPress.com)"
162.158.167.168 - - [02/May/2017:16:35:47 +0000] "GET /regions.php HTTP/1.1" 200 2719 "-" "Mozilla/5.0 (Windows NT 6.1; WOW64; rv:53.0) Gecko/20100101 Firefox/53.0"
162.158.167.168 - - [02/May/2017:16:36:20 +0000] "GET /regions.php HTTP/1.1" 200 976 "-" "Mozilla/5.0 (Windows NT 6.1; WOW64; rv:53.0) Gecko/20100101 Firefox/53.0"
162.158.167.168 - - [02/May/2017:16:36:46 +0000] "GET /regions.php HTTP/1.1" 200 2719 "-" "Mozilla/5.0 (Windows NT 6.1; WOW64; rv:53.0) Gecko/20100101 Firefox/53.0"
162.158.167.168 - - [02/May/2017:16:36:58 +0000] "GET /regions.php HTTP/1.1" 200 1208 "-" "Mozilla/5.0 (Windows NT 6.1; WOW64; rv:53.0) Gecko/20100101 Firefox/53.0"
162.158.167.168 - - [02/May/2017:16:38:06 +0000] "GET /scrap.php HTTP/1.1" 200 1005 "-" "Mozilla/5.0 (Windows NT 6.1; WOW64; rv:53.0) Gecko/20100101 Firefox/53.0"
162.158.167.168 - - [02/May/2017:16:38:07 +0000] "POST /handle_json.php HTTP/1.1" 200 3233 "http://ahp.keltech.co.id/scrap.php" "Mozilla/5.0 (Windows NT 6.1; WOW64; rv:53.0) Gecko/20100101 Firefox/53.0"
162.158.167.168 - - [02/May/2017:16:38:21 +0000] "GET /scrap.php HTTP/1.1" 200 1005 "-" "Mozilla/5.0 (Windows NT 6.1; WOW64; rv:53.0) Gecko/20100101 Firefox/53.0"
162.158.167.168 - - [02/May/2017:16:38:22 +0000] "POST /handle_json.php HTTP/1.1" 200 345 "http://ahp.keltech.co.id/scrap.php" "Mozilla/5.0 (Windows NT 6.1; WOW64; rv:53.0) Gecko/20100101 Firefox/53.0"
162.158.167.168 - - [02/May/2017:16:39:19 +0000] "GET /scrap.php HTTP/1.1" 200 1005 "-" "Mozilla/5.0 (Windows NT 6.1; WOW64; rv:53.0) Gecko/20100101 Firefox/53.0"
162.158.167.168 - - [02/May/2017:16:39:20 +0000] "POST /handle_json.php HTTP/1.1" 200 3233 "http://ahp.keltech.co.id/scrap.php" "Mozilla/5.0 (Windows NT 6.1; WOW64; rv:53.0) Gecko/20100101 Firefox/53.0"
162.158.167.168 - - [02/May/2017:16:39:43 +0000] "GET /regions.php HTTP/1.1" 200 702 "-" "Mozilla/5.0 (Windows NT 6.1; WOW64; rv:53.0) Gecko/20100101 Firefox/53.0"
192.0.102.40 - - [02/May/2017:16:39:47 +0000] "HEAD / HTTP/1.1" 200 147 "-" "jetmon/1.0 (Jetpack Site Uptime Monitor by WordPress.com)"
162.158.167.168 - - [02/May/2017:16:40:04 +0000] "GET /regions.php HTTP/1.1" 200 501 "-" "Mozilla/5.0 (Windows NT 6.1; WOW64; rv:53.0) Gecko/20100101 Firefox/53.0"
162.158.167.168 - - [02/May/2017:16:40:14 +0000] "GET /regions.php HTTP/1.1" 200 346 "-" "Mozilla/5.0 (Windows NT 6.1; WOW64; rv:53.0) Gecko/20100101 Firefox/53.0"
162.158.167.168 - - [02/May/2017:16:41:29 +0000] "GET /regions.php HTTP/1.1" 200 368 "-" "Mozilla/5.0 (Windows NT 6.1; WOW64; rv:53.0) Gecko/20100101 Firefox/53.0"
192.0.102.40 - - [02/May/2017:16:44:46 +0000] "HEAD / HTTP/1.1" 200 147 "-" "jetmon/1.0 (Jetpack Site Uptime Monitor by WordPress.com)"
162.158.167.168 - - [02/May/2017:16:46:25 +0000] "GET /scrap.php HTTP/1.1" 200 1005 "-" "Mozilla/5.0 (Windows NT 6.1; WOW64; rv:53.0) Gecko/20100101 Firefox/53.0"
162.158.167.168 - - [02/May/2017:16:46:26 +0000] "POST /handle_json.php HTTP/1.1" 200 3233 "http://ahp.keltech.co.id/scrap.php" "Mozilla/5.0 (Windows NT 6.1; WOW64; rv:53.0) Gecko/20100101 Firefox/53.0"
162.158.167.168 - - [02/May/2017:16:46:30 +0000] "GET /regions.php HTTP/1.1" 200 962 "-" "Mozilla/5.0 (Windows NT 6.1; WOW64; rv:53.0) Gecko/20100101 Firefox/53.0"
162.158.167.168 - - [02/May/2017:16:46:45 +0000] "GET /regions.php HTTP/1.1" 200 712 "-" "Mozilla/5.0 (Windows NT 6.1; WOW64; rv:53.0) Gecko/20100101 Firefox/53.0"
162.158.167.168 - - [02/May/2017:16:48:05 +0000] "GET /regions.php HTTP/1.1" 200 3944 "-" "Mozilla/5.0 (Windows NT 6.1; WOW64; rv:53.0) Gecko/20100101 Firefox/53.0"
162.158.167.168 - - [02/May/2017:16:49:52 +0000] "GET /content.php HTTP/1.1" 200 3944 "-" "Mozilla/5.0 (Windows NT 6.1; WOW64; rv:53.0) Gecko/20100101 Firefox/53.0"
192.0.102.40 - - [02/May/2017:16:49:56 +0000] "HEAD / HTTP/1.1" 200 147 "-" "jetmon/1.0 (Jetpack Site Uptime Monitor by WordPress.com)"
162.158.165.4 - - [02/May/2017:16:50:33 +0000] "GET /content.php HTTP/1.1" 206 3991 "-" "facebookexternalhit/1.1;line-poker/1.0"
192.0.102.40 - - [02/May/2017:16:54:45 +0000] "HEAD / HTTP/1.1" 200 147 "-" "jetmon/1.0 (Jetpack Site Uptime Monitor by WordPress.com)"
192.0.102.40 - - [02/May/2017:16:59:57 +0000] "HEAD / HTTP/1.1" 200 147 "-" "jetmon/1.0 (Jetpack Site Uptime Monitor by WordPress.com)"
192.0.102.40 - - [02/May/2017:17:04:56 +0000] "HEAD / HTTP/1.1" 200 147 "-" "jetmon/1.0 (Jetpack Site Uptime Monitor by WordPress.com)"
192.0.102.40 - - [02/May/2017:17:10:01 +0000] "HEAD / HTTP/1.1" 200 147 "-" "jetmon/1.0 (Jetpack Site Uptime Monitor by WordPress.com)"
192.0.102.40 - - [02/May/2017:17:14:51 +0000] "HEAD / HTTP/1.1" 200 147 "-" "jetmon/1.0 (Jetpack Site Uptime Monitor by WordPress.com)"
192.0.102.40 - - [02/May/2017:17:19:48 +0000] "HEAD / HTTP/1.1" 200 147 "-" "jetmon/1.0 (Jetpack Site Uptime Monitor by WordPress.com)"
192.0.102.40 - - [02/May/2017:17:24:49 +0000] "HEAD / HTTP/1.1" 200 147 "-" "jetmon/1.0 (Jetpack Site Uptime Monitor by WordPress.com)"
192.0.102.40 - - [02/May/2017:17:29:57 +0000] "HEAD / HTTP/1.1" 200 147 "-" "jetmon/1.0 (Jetpack Site Uptime Monitor by WordPress.com)"
192.0.102.40 - - [02/May/2017:17:34:49 +0000] "HEAD / HTTP/1.1" 200 147 "-" "jetmon/1.0 (Jetpack Site Uptime Monitor by WordPress.com)"
192.0.102.40 - - [02/May/2017:17:40:13 +0000] "HEAD / HTTP/1.1" 200 147 "-" "jetmon/1.0 (Jetpack Site Uptime Monitor by WordPress.com)"
192.0.102.40 - - [02/May/2017:17:45:08 +0000] "HEAD / HTTP/1.1" 200 147 "-" "jetmon/1.0 (Jetpack Site Uptime Monitor by WordPress.com)"
192.0.102.40 - - [02/May/2017:17:49:45 +0000] "HEAD / HTTP/1.1" 200 147 "-" "jetmon/1.0 (Jetpack Site Uptime Monitor by WordPress.com)"
192.0.102.40 - - [02/May/2017:17:55:10 +0000] "HEAD / HTTP/1.1" 200 147 "-" "jetmon/1.0 (Jetpack Site Uptime Monitor by WordPress.com)"
192.0.102.40 - - [02/May/2017:17:59:51 +0000] "HEAD / HTTP/1.1" 200 147 "-" "jetmon/1.0 (Jetpack Site Uptime Monitor by WordPress.com)"
192.0.102.40 - - [02/May/2017:18:04:45 +0000] "HEAD / HTTP/1.1" 200 147 "-" "jetmon/1.0 (Jetpack Site Uptime Monitor by WordPress.com)"
192.0.102.40 - - [02/May/2017:18:09:45 +0000] "HEAD / HTTP/1.1" 200 147 "-" "jetmon/1.0 (Jetpack Site Uptime Monitor by WordPress.com)"
192.0.102.40 - - [02/May/2017:18:14:48 +0000] "HEAD / HTTP/1.1" 200 147 "-" "jetmon/1.0 (Jetpack Site Uptime Monitor by WordPress.com)"
192.0.102.40 - - [02/May/2017:18:19:45 +0000] "HEAD / HTTP/1.1" 200 147 "-" "jetmon/1.0 (Jetpack Site Uptime Monitor by WordPress.com)"
192.0.102.40 - - [02/May/2017:18:25:46 +0000] "HEAD / HTTP/1.1" 200 147 "-" "jetmon/1.0 (Jetpack Site Uptime Monitor by WordPress.com)"
192.0.102.40 - - [02/May/2017:18:29:41 +0000] "HEAD / HTTP/1.1" 200 147 "-" "jetmon/1.0 (Jetpack Site Uptime Monitor by WordPress.com)"
192.0.102.40 - - [02/May/2017:18:34:52 +0000] "HEAD / HTTP/1.1" 200 147 "-" "jetmon/1.0 (Jetpack Site Uptime Monitor by WordPress.com)"
192.0.102.40 - - [02/May/2017:18:39:55 +0000] "HEAD / HTTP/1.1" 200 147 "-" "jetmon/1.0 (Jetpack Site Uptime Monitor by WordPress.com)"
192.0.102.40 - - [02/May/2017:18:44:43 +0000] "HEAD / HTTP/1.1" 200 147 "-" "jetmon/1.0 (Jetpack Site Uptime Monitor by WordPress.com)"
192.0.102.40 - - [02/May/2017:18:49:51 +0000] "HEAD / HTTP/1.1" 200 147 "-" "jetmon/1.0 (Jetpack Site Uptime Monitor by WordPress.com)"
192.0.102.40 - - [02/May/2017:18:54:43 +0000] "HEAD / HTTP/1.1" 200 147 "-" "jetmon/1.0 (Jetpack Site Uptime Monitor by WordPress.com)"
192.0.102.40 - - [02/May/2017:18:59:47 +0000] "HEAD / HTTP/1.1" 200 147 "-" "jetmon/1.0 (Jetpack Site Uptime Monitor by WordPress.com)"
192.0.102.40 - - [02/May/2017:19:04:43 +0000] "HEAD / HTTP/1.1" 200 147 "-" "jetmon/1.0 (Jetpack Site Uptime Monitor by WordPress.com)"
192.0.102.40 - - [02/May/2017:19:09:48 +0000] "HEAD / HTTP/1.1" 200 147 "-" "jetmon/1.0 (Jetpack Site Uptime Monitor by WordPress.com)"
192.0.102.40 - - [02/May/2017:19:14:51 +0000] "HEAD / HTTP/1.1" 200 147 "-" "jetmon/1.0 (Jetpack Site Uptime Monitor by WordPress.com)"
192.0.102.40 - - [02/May/2017:19:19:48 +0000] "HEAD / HTTP/1.1" 200 147 "-" "jetmon/1.0 (Jetpack Site Uptime Monitor by WordPress.com)"
192.0.102.40 - - [02/May/2017:19:24:46 +0000] "HEAD / HTTP/1.1" 200 147 "-" "jetmon/1.0 (Jetpack Site Uptime Monitor by WordPress.com)"
192.0.102.40 - - [02/May/2017:19:29:47 +0000] "HEAD / HTTP/1.1" 200 147 "-" "jetmon/1.0 (Jetpack Site Uptime Monitor by WordPress.com)"
192.0.102.40 - - [02/May/2017:19:34:43 +0000] "HEAD / HTTP/1.1" 200 147 "-" "jetmon/1.0 (Jetpack Site Uptime Monitor by WordPress.com)"
192.0.102.40 - - [02/May/2017:19:39:43 +0000] "HEAD / HTTP/1.1" 200 147 "-" "jetmon/1.0 (Jetpack Site Uptime Monitor by WordPress.com)"
192.0.102.40 - - [02/May/2017:19:44:49 +0000] "HEAD / HTTP/1.1" 200 147 "-" "jetmon/1.0 (Jetpack Site Uptime Monitor by WordPress.com)"
192.0.102.40 - - [02/May/2017:19:49:45 +0000] "HEAD / HTTP/1.1" 200 147 "-" "jetmon/1.0 (Jetpack Site Uptime Monitor by WordPress.com)"
192.0.102.40 - - [02/May/2017:19:54:46 +0000] "HEAD / HTTP/1.1" 200 147 "-" "jetmon/1.0 (Jetpack Site Uptime Monitor by WordPress.com)"
192.0.102.40 - - [02/May/2017:19:59:42 +0000] "HEAD / HTTP/1.1" 200 147 "-" "jetmon/1.0 (Jetpack Site Uptime Monitor by WordPress.com)"
192.0.102.40 - - [02/May/2017:20:04:47 +0000] "HEAD / HTTP/1.1" 200 147 "-" "jetmon/1.0 (Jetpack Site Uptime Monitor by WordPress.com)"
192.0.102.40 - - [02/May/2017:20:09:54 +0000] "HEAD / HTTP/1.1" 200 147 "-" "jetmon/1.0 (Jetpack Site Uptime Monitor by WordPress.com)"
192.0.102.40 - - [02/May/2017:20:14:51 +0000] "HEAD / HTTP/1.1" 200 147 "-" "jetmon/1.0 (Jetpack Site Uptime Monitor by WordPress.com)"
192.0.102.40 - - [02/May/2017:20:19:52 +0000] "HEAD / HTTP/1.1" 200 147 "-" "jetmon/1.0 (Jetpack Site Uptime Monitor by WordPress.com)"
192.0.102.40 - - [02/May/2017:20:24:59 +0000] "HEAD / HTTP/1.1" 200 147 "-" "jetmon/1.0 (Jetpack Site Uptime Monitor by WordPress.com)"
185.25.148.240 - - [02/May/2017:20:28:10 +0000] "GET http://testp3.pospr.waw.pl/testproxy.php HTTP/1.1" 404 457 "-" "Mozilla/5.0 (Windows NT 5.1; rv:32.0) Gecko/20100101 Firefox/31.0"
192.0.102.40 - - [02/May/2017:20:29:43 +0000] "HEAD / HTTP/1.1" 200 147 "-" "jetmon/1.0 (Jetpack Site Uptime Monitor by WordPress.com)"
192.0.102.40 - - [02/May/2017:20:34:45 +0000] "HEAD / HTTP/1.1" 200 147 "-" "jetmon/1.0 (Jetpack Site Uptime Monitor by WordPress.com)"
192.0.102.40 - - [02/May/2017:20:39:46 +0000] "HEAD / HTTP/1.1" 200 147 "-" "jetmon/1.0 (Jetpack Site Uptime Monitor by WordPress.com)"
192.0.102.40 - - [02/May/2017:20:44:46 +0000] "HEAD / HTTP/1.1" 200 147 "-" "jetmon/1.0 (Jetpack Site Uptime Monitor by WordPress.com)"
192.0.102.40 - - [02/May/2017:20:49:48 +0000] "HEAD / HTTP/1.1" 200 147 "-" "jetmon/1.0 (Jetpack Site Uptime Monitor by WordPress.com)"
192.0.102.40 - - [02/May/2017:20:54:41 +0000] "HEAD / HTTP/1.1" 200 147 "-" "jetmon/1.0 (Jetpack Site Uptime Monitor by WordPress.com)"
192.0.102.40 - - [02/May/2017:20:59:47 +0000] "HEAD / HTTP/1.1" 200 147 "-" "jetmon/1.0 (Jetpack Site Uptime Monitor by WordPress.com)"
192.0.102.40 - - [02/May/2017:21:04:49 +0000] "HEAD / HTTP/1.1" 200 147 "-" "jetmon/1.0 (Jetpack Site Uptime Monitor by WordPress.com)"
192.0.102.40 - - [02/May/2017:21:09:44 +0000] "HEAD / HTTP/1.1" 200 147 "-" "jetmon/1.0 (Jetpack Site Uptime Monitor by WordPress.com)"
192.0.102.40 - - [02/May/2017:21:14:44 +0000] "HEAD / HTTP/1.1" 200 147 "-" "jetmon/1.0 (Jetpack Site Uptime Monitor by WordPress.com)"
192.0.102.40 - - [02/May/2017:21:19:43 +0000] "HEAD / HTTP/1.1" 200 147 "-" "jetmon/1.0 (Jetpack Site Uptime Monitor by WordPress.com)"
192.0.102.40 - - [02/May/2017:21:24:41 +0000] "HEAD / HTTP/1.1" 200 147 "-" "jetmon/1.0 (Jetpack Site Uptime Monitor by WordPress.com)"
192.0.102.40 - - [02/May/2017:21:29:42 +0000] "HEAD / HTTP/1.1" 200 147 "-" "jetmon/1.0 (Jetpack Site Uptime Monitor by WordPress.com)"
::1 - - [02/May/2017:21:32:52 +0000] "OPTIONS * HTTP/1.0" 200 126 "-" "Apache/2.4.18 (Ubuntu) (internal dummy connection)"
::1 - - [02/May/2017:21:32:53 +0000] "OPTIONS * HTTP/1.0" 200 126 "-" "Apache/2.4.18 (Ubuntu) (internal dummy connection)"
::1 - - [02/May/2017:21:33:02 +0000] "OPTIONS * HTTP/1.0" 200 126 "-" "Apache/2.4.18 (Ubuntu) (internal dummy connection)"
192.0.102.40 - - [02/May/2017:21:34:40 +0000] "HEAD / HTTP/1.1" 200 147 "-" "jetmon/1.0 (Jetpack Site Uptime Monitor by WordPress.com)"
192.0.102.40 - - [02/May/2017:21:39:40 +0000] "HEAD / HTTP/1.1" 200 147 "-" "jetmon/1.0 (Jetpack Site Uptime Monitor by WordPress.com)"
221.135.35.46 - - [02/May/2017:21:42:05 +0000] "HEAD /robots.txt HTTP/1.0" 404 159 "-" "-"
192.0.102.40 - - [02/May/2017:21:44:45 +0000] "HEAD / HTTP/1.1" 200 147 "-" "jetmon/1.0 (Jetpack Site Uptime Monitor by WordPress.com)"
192.0.102.40 - - [02/May/2017:21:50:00 +0000] "HEAD / HTTP/1.1" 200 147 "-" "jetmon/1.0 (Jetpack Site Uptime Monitor by WordPress.com)"
192.0.102.40 - - [02/May/2017:21:54:43 +0000] "HEAD / HTTP/1.1" 200 147 "-" "jetmon/1.0 (Jetpack Site Uptime Monitor by WordPress.com)"
192.0.102.40 - - [02/May/2017:21:59:39 +0000] "HEAD / HTTP/1.1" 200 147 "-" "jetmon/1.0 (Jetpack Site Uptime Monitor by WordPress.com)"
192.0.102.40 - - [02/May/2017:22:04:41 +0000] "HEAD / HTTP/1.1" 200 147 "-" "jetmon/1.0 (Jetpack Site Uptime Monitor by WordPress.com)"
192.0.102.40 - - [02/May/2017:22:09:41 +0000] "HEAD / HTTP/1.1" 200 147 "-" "jetmon/1.0 (Jetpack Site Uptime Monitor by WordPress.com)"
192.0.102.40 - - [02/May/2017:22:14:43 +0000] "HEAD / HTTP/1.1" 200 147 "-" "jetmon/1.0 (Jetpack Site Uptime Monitor by WordPress.com)"
192.0.102.40 - - [02/May/2017:22:19:46 +0000] "HEAD / HTTP/1.1" 200 147 "-" "jetmon/1.0 (Jetpack Site Uptime Monitor by WordPress.com)"
192.0.102.40 - - [02/May/2017:22:24:40 +0000] "HEAD / HTTP/1.1" 200 147 "-" "jetmon/1.0 (Jetpack Site Uptime Monitor by WordPress.com)"
192.0.102.40 - - [02/May/2017:22:29:48 +0000] "HEAD / HTTP/1.1" 200 147 "-" "jetmon/1.0 (Jetpack Site Uptime Monitor by WordPress.com)"
123.249.13.23 - - [02/May/2017:22:30:25 +0000] "GET / HTTP/1.1" 200 4866 "-" "Mozilla/4.0 (compatible; MSIE 6.0; Windows NT 5.0)"
192.0.102.40 - - [02/May/2017:22:34:39 +0000] "HEAD / HTTP/1.1" 200 147 "-" "jetmon/1.0 (Jetpack Site Uptime Monitor by WordPress.com)"
192.0.102.40 - - [02/May/2017:22:39:44 +0000] "HEAD / HTTP/1.1" 200 147 "-" "jetmon/1.0 (Jetpack Site Uptime Monitor by WordPress.com)"
192.0.102.40 - - [02/May/2017:22:44:37 +0000] "HEAD / HTTP/1.1" 200 147 "-" "jetmon/1.0 (Jetpack Site Uptime Monitor by WordPress.com)"
192.0.102.40 - - [02/May/2017:22:49:40 +0000] "HEAD / HTTP/1.1" 200 147 "-" "jetmon/1.0 (Jetpack Site Uptime Monitor by WordPress.com)"
192.0.102.40 - - [02/May/2017:22:54:44 +0000] "HEAD / HTTP/1.1" 200 147 "-" "jetmon/1.0 (Jetpack Site Uptime Monitor by WordPress.com)"
192.0.102.40 - - [02/May/2017:22:59:49 +0000] "HEAD / HTTP/1.1" 200 147 "-" "jetmon/1.0 (Jetpack Site Uptime Monitor by WordPress.com)"
192.0.102.40 - - [02/May/2017:23:04:43 +0000] "HEAD / HTTP/1.1" 200 147 "-" "jetmon/1.0 (Jetpack Site Uptime Monitor by WordPress.com)"
192.0.102.40 - - [02/May/2017:23:09:41 +0000] "HEAD / HTTP/1.1" 200 147 "-" "jetmon/1.0 (Jetpack Site Uptime Monitor by WordPress.com)"
192.0.102.40 - - [02/May/2017:23:14:41 +0000] "HEAD / HTTP/1.1" 200 147 "-" "jetmon/1.0 (Jetpack Site Uptime Monitor by WordPress.com)"
192.0.102.40 - - [02/May/2017:23:19:44 +0000] "HEAD / HTTP/1.1" 200 147 "-" "jetmon/1.0 (Jetpack Site Uptime Monitor by WordPress.com)"
192.0.102.40 - - [02/May/2017:23:24:49 +0000] "HEAD / HTTP/1.1" 200 147 "-" "jetmon/1.0 (Jetpack Site Uptime Monitor by WordPress.com)"
192.0.102.40 - - [02/May/2017:23:29:44 +0000] "HEAD / HTTP/1.1" 200 147 "-" "jetmon/1.0 (Jetpack Site Uptime Monitor by WordPress.com)"
192.0.102.40 - - [02/May/2017:23:34:46 +0000] "HEAD / HTTP/1.1" 200 147 "-" "jetmon/1.0 (Jetpack Site Uptime Monitor by WordPress.com)"
192.0.102.40 - - [02/May/2017:23:39:43 +0000] "HEAD / HTTP/1.1" 200 147 "-" "jetmon/1.0 (Jetpack Site Uptime Monitor by WordPress.com)"
172.68.144.205 - - [02/May/2017:23:40:36 +0000] "GET /content.php HTTP/1.1" 200 3944 "-" "Mozilla/5.0 (Windows NT 10.0; WOW64) AppleWebKit/537.36 (KHTML, like Gecko) Chrome/57.0.2987.133 Safari/537.36"
192.0.102.40 - - [02/May/2017:23:44:40 +0000] "HEAD / HTTP/1.1" 200 147 "-" "jetmon/1.0 (Jetpack Site Uptime Monitor by WordPress.com)"
192.0.102.40 - - [02/May/2017:23:49:37 +0000] "HEAD / HTTP/1.1" 200 147 "-" "jetmon/1.0 (Jetpack Site Uptime Monitor by WordPress.com)"
192.0.102.40 - - [02/May/2017:23:54:44 +0000] "HEAD / HTTP/1.1" 200 147 "-" "jetmon/1.0 (Jetpack Site Uptime Monitor by WordPress.com)"
192.0.102.40 - - [02/May/2017:23:59:43 +0000] "HEAD / HTTP/1.1" 200 147 "-" "jetmon/1.0 (Jetpack Site Uptime Monitor by WordPress.com)"
192.0.102.40 - - [03/May/2017:00:04:42 +0000] "HEAD / HTTP/1.1" 200 147 "-" "jetmon/1.0 (Jetpack Site Uptime Monitor by WordPress.com)"
192.0.102.40 - - [03/May/2017:00:09:47 +0000] "HEAD / HTTP/1.1" 200 147 "-" "jetmon/1.0 (Jetpack Site Uptime Monitor by WordPress.com)"
95.213.177.124 - - [03/May/2017:00:13:52 +0000] "CONNECT check.proxyradar.com:80 HTTP/1.1" 400 0 "-" "-"
192.0.102.40 - - [03/May/2017:00:14:47 +0000] "HEAD / HTTP/1.1" 200 147 "-" "jetmon/1.0 (Jetpack Site Uptime Monitor by WordPress.com)"
192.0.102.40 - - [03/May/2017:00:19:43 +0000] "HEAD / HTTP/1.1" 200 147 "-" "jetmon/1.0 (Jetpack Site Uptime Monitor by WordPress.com)"
192.0.102.40 - - [03/May/2017:00:24:41 +0000] "HEAD / HTTP/1.1" 200 147 "-" "jetmon/1.0 (Jetpack Site Uptime Monitor by WordPress.com)"
192.0.102.40 - - [03/May/2017:00:29:39 +0000] "HEAD / HTTP/1.1" 200 147 "-" "jetmon/1.0 (Jetpack Site Uptime Monitor by WordPress.com)"
192.0.102.40 - - [03/May/2017:00:34:38 +0000] "HEAD / HTTP/1.1" 200 147 "-" "jetmon/1.0 (Jetpack Site Uptime Monitor by WordPress.com)"
192.0.102.40 - - [03/May/2017:00:39:37 +0000] "HEAD / HTTP/1.1" 200 147 "-" "jetmon/1.0 (Jetpack Site Uptime Monitor by WordPress.com)"
192.0.102.40 - - [03/May/2017:00:44:45 +0000] "HEAD / HTTP/1.1" 200 147 "-" "jetmon/1.0 (Jetpack Site Uptime Monitor by WordPress.com)"
